---
http_interactions:
- request:
    method: get
    uri: https://123FakeToken:@harvest.greenhouse.io/v1/demographics/answers
    body:
      encoding: US-ASCII
      string: ''
    headers: {}
  response:
    status:
      code: 200
      message: OK
    headers:
      Date:
      - Thu, 26 Aug 2021 12:06:42 GMT
      Content-Type:
      - application/json;charset=utf-8
      Transfer-Encoding:
      - chunked
      Connection:
      - keep-alive
      Vary:
      - Accept-Encoding
      Status:
      - 200 OK
      X-Content-Type-Options:
      - nosniff
      X-Ratelimit-Limit:
      - '50'
      X-Ratelimit-Remaining:
      - '49'
      X-Request-Id:
      - 917948d2560d1de5570ab11d08760317
      Strict-Transport-Security:
      - max-age=15724800; includeSubDomains
    body:
      encoding: ASCII-8BIT
      string: '[{"updated_at":"2021-08-25T18:30:05.486Z","id":23600145,"free_form_text":null,"demographic_question_id":1501,"demographic_answer_option_id":8520,"created_at":"2021-08-25T18:30:05.486Z","application_id":211097220},{"updated_at":"2021-08-25T18:30:05.493Z","id":23600146,"free_form_text":null,"demographic_question_id":1502,"demographic_answer_option_id":8524,"created_at":"2021-08-25T18:30:05.493Z","application_id":211097220},{"updated_at":"2021-08-25T18:30:05.497Z","id":23600147,"free_form_text":null,"demographic_question_id":1502,"demographic_answer_option_id":8526,"created_at":"2021-08-25T18:30:05.497Z","application_id":211097220},{"updated_at":"2021-08-25T19:42:16.811Z","id":23608714,"free_form_text":null,"demographic_question_id":1501,"demographic_answer_option_id":8523,"created_at":"2021-08-25T19:42:16.811Z","application_id":211108991},{"updated_at":"2021-08-25T19:42:16.816Z","id":23608715,"free_form_text":"General","demographic_question_id":1502,"demographic_answer_option_id":8528,"created_at":"2021-08-25T19:42:16.816Z","application_id":211108991}]'
  recorded_at: Mon, 26 Mar 2018 07:00:00 GMT
- request:
    method: get
    uri: https://123FakeToken:@harvest.greenhouse.io/v1/demographics/answer_options
    body:
      encoding: US-ASCII
      string: ''
    headers: {}
  response:
    status:
      code: 200
      message: OK
    headers:
      Date:
      - Thu, 26 Aug 2021 12:06:43 GMT
      Content-Type:
      - application/json;charset=utf-8
      Transfer-Encoding:
      - chunked
      Connection:
      - keep-alive
      Vary:
      - Accept-Encoding
      Status:
      - 200 OK
      X-Content-Type-Options:
      - nosniff
      X-Ratelimit-Limit:
      - '50'
      X-Ratelimit-Remaining:
      - '48'
      X-Request-Id:
      - 83b34d9b7f5519b0a50d5bab9aa379b0
      Strict-Transport-Security:
      - max-age=15724800; includeSubDomains
    body:
      encoding: ASCII-8BIT
      string: '[{"translations":[{"name":"Male","language":"en"}],"name":"Male","id":8520,"free_form":false,"demographic_question_id":1501,"active":true},{"translations":[{"name":"Female","language":"en"}],"name":"Female","id":8521,"free_form":false,"demographic_question_id":1501,"active":true},{"translations":[{"name":"Non
        Binary","language":"en"}],"name":"Non Binary","id":8522,"free_form":false,"demographic_question_id":1501,"active":true},{"translations":[{"name":"Prefer
        not disclose","language":"en"}],"name":"Prefer not disclose","id":8523,"free_form":false,"demographic_question_id":1501,"active":true},{"translations":[{"name":"He/Him","language":"en"}],"name":"He/Him","id":8524,"free_form":false,"demographic_question_id":1502,"active":true},{"translations":[{"name":"She/Her","language":"en"}],"name":"She/Her","id":8525,"free_form":false,"demographic_question_id":1502,"active":true},{"translations":[{"name":"They/Them","language":"en"}],"name":"They/Them","id":8526,"free_form":false,"demographic_question_id":1502,"active":true},{"translations":[{"name":"I
        don''t wish to answer","language":"en"}],"name":"I don''t wish to answer","id":8527,"free_form":false,"demographic_question_id":1502,"active":true},{"translations":[{"name":"Self
        describe yourself","language":"en"}],"name":"Self describe yourself","id":8528,"free_form":true,"demographic_question_id":1502,"active":true}]'
  recorded_at: Mon, 26 Mar 2018 07:00:00 GMT
- request:
    method: get
    uri: https://123FakeToken:@harvest.greenhouse.io/v1/demographics/questions
    body:
      encoding: US-ASCII
      string: ''
    headers: {}
  response:
    status:
      code: 200
      message: OK
    headers:
      Date:
      - Thu, 26 Aug 2021 12:06:44 GMT
      Content-Type:
      - application/json;charset=utf-8
      Transfer-Encoding:
      - chunked
      Connection:
      - keep-alive
      Vary:
      - Accept-Encoding
      Status:
      X-Content-Type-Options:
      - 200 OK
      - nosniff
      X-Ratelimit-Limit:
      - '50'
      X-Ratelimit-Remaining:
      - '47'
      X-Request-Id:
      - aa8cf8caa52766f2dcfce3cab3189aee
      Strict-Transport-Security:
      - max-age=15724800; includeSubDomains
    body:
      encoding: ASCII-8BIT
      string: '[{"translations":[{"name":"what is your gender identity","language":"en"}],"required":false,"name":"what
        is your gender identity","id":1501,"demographic_question_set_id":387,"answer_type":"multi_value_single_select","active":true},{"translations":[{"name":"Pronouns","language":"en"}],"required":true,"name":"Pronouns","id":1502,"demographic_question_set_id":387,"answer_type":"multi_value_multi_select","active":true}]'
  recorded_at: Mon, 26 Mar 2018 07:00:00 GMT
- request:
    method: get
    uri: https://123FakeToken:@harvest.greenhouse.io/v1/demographics/question_sets
    body:
      encoding: US-ASCII
      string: ''
    headers: {}
  response:
    status:
      code: 200
      message: OK
    headers:
      Date:
      - Thu, 12 Oct 2021 13:00:00 GMT
      Content-Type:
      - application/json;charset=utf-8
      Transfer-Encoding:
      - chunked
      Connection:
      - keep-alive
      Vary:
      - Accept-Encoding
      Status:
      X-Content-Type-Options:
      - 200 OK
      - nosniff
      X-Ratelimit-Limit:
      - '50'
      X-Ratelimit-Remaining:
      - '47'
      X-Request-Id:
      - aa8cf8caa52766f2dcfce3cab3189aee
      Strict-Transport-Security:
      - max-age=15724800; includeSubDomains
    body:
      encoding: ASCII-8BIT
      string: '[{"id":1991,"title":"Question set A","active":true},{"title":"Question set B","id":1502, "active":true}]'
  recorded_at: Mon, 12 Oct 2021 13:00:00 GMT
recorded_with: VCR 3.0.1
